MPI SIMULATION
MPI SIMULATION
MPI SIMULATION
MPI SIMULATION

Patchy Spherocylinders version 3.6

Patchy Spherocylinders version 3.6
-------------------------------------

Patchy Spherocylinders version 3.6
-------------------------------------

Patchy Spherocylinders version 3.6
-------------------------------------
-------------------------------------
 MPI versionReading options...
 MPI versionReading topology...
Species:
 MPI versionReading topology...
Species:
 MPI versionReading topology...
Species:
 Pressure coupling type:                             1
 Pressure:                                           0.00000000
Fields:11 0
Fields:11 0
Fields:11 0
 Replica exchange pressure:                          0.00000000
Topology read of 1:        A (geotype: CPSC, 13) with parameters 1.33333 1.2 | 1.34695 0.3 | 60 5 | 0 
Topology read of 1:        A (geotype: CPSC, 13) with parameters 1.33333 1.2 | 1.34695 0.3 | 60 5 | 0 
Topology read of 1:        A (geotype: CPSC, 13) with parameters 1.33333 1.2 | 1.34695 0.3 | 60 5 | 0 


Topology read for molecule: A 

Topology read for molecule: A 
particle 1: 	particle 1: 	1 
1 
system:  A 164
Topology read for molecule: A 
particle 1: 	1 
system:  A 164
system:  A 164

Topology succesfully read. Generating pair interactions...

Topology succesfully read. Generating pair interactions...

Topology succesfully read. Generating pair interactions...
 Average volume change attempts per sweep:           0.00000000
 Equilibration sweeps:                               0
 Sweeps between step size adjustments:               0
Generating GroupLists...
Generating GroupLists...
Generating GroupLists...
 Production sweeps:                                  30000000
Probability to switch replicas is roughly: 0.985717
Probability to switch replicas is roughly: 0.985717
Probability to switch replicas is roughly: 0.985717
 Sweeps between statistics samples:                  50000
 Sweeps between statistics reports:                  50000
 Average chain move attempts per sweep:              0.00000000
 Initial maximum displacement:                       0.05000000
 Inititial maximum angular change (degrees):         7.50000000

Reading configuration...

Reading configuration...
 Inititial maximum angular cone angle (degrees):     0.00000000

Reading configuration...
 Inititial maximum geo.box edge change:              0.00000000
 Initial maximum chain displacement:                 0.00000000
 Inititial maximum chain angular change (degrees):   0.00000000
 Temperature in kT/e:                                0.24426000
 Parallel tempering temperature in kT/e:             0.28426000
 Sweeps between replica exchange:                    100000
 Sweeps between Grand-Canonical move:                0
 Sweeps between Cluster moves:                       0
 Wang-Landau method:                                 0 0
 Calculate the Wang-Landau method for atom type:     0
 Average type switch attempts per sweep:             0.00000000
 Number of Sweeps per pairlist update:               0
 Random number seed:                                 196150684
 Number of sweeps per writing out cluster info:      50000
 Sweeps between movie frames:                      50000

Reading topology...
Species:
Fields:11 0
Topology read of 1:        A (geotype: CPSC, 13) with parameters 1.33333 1.2 | 1.34695 0.3 | 60 5 | 0 

Topology read for molecule: A 
particle 1: 	1 
system:  A 164
Box: (20, 20, 20)

Topology succesfully read. Generating pair interactions...
Box: (20, 20, 20)
Box: (20, 20, 20)
Equilibration of maximum step sizes: 0 sweeps
Equilibration of maximum step sizes: 0 sweeps
Equilibration of maximum step sizes: 0 sweeps
Generating GroupLists...
Probability to switch replicas is roughly: 0.985717

Reading configuration...

Initializing energy functions...

Initializing energy functions...

Initializing energy functions...
Production run:  30000000 sweeps

Production run:  30000000 sweeps

Production run:  30000000 sweeps

Box: (20, 20, 20)
Equilibration of maximum step sizes: 0 sweeps

Initializing energy functions...
Production run:  30000000 sweeps

3 Energy drift: 6.49379e-10 
System:
A 164
3p, MPI replica changeT / changeP / acceptance ratio: 0.0133333, 0, 0.166667
2 Energy drift: 2.58933e-09 
System:
A 164
2p, MPI replica changeT / changeP / acceptance ratio: 0.0133333, 0, 0.146667
0 Energy drift: -8.74024e-10 
System:
A 164
0p, MPI replica changeT / changeP / acceptance ratio: 0.0133333, 0, 0.0466667
1 Energy drift: -5.49335e-10 
System:
A 164
1p, MPI replica changeT / changeP / acceptance ratio: 0.0133333, 0, 0.0866667

Simulation time:27960.3 s
PairList generation time:0 %

Simulation time:27959 s
PairList generation time:0 %

DONE
Deallocating Conf...

Simulation time:27962.5 s
PairList generation time:0 %

DONE
Deallocating Conf...

DONE
Deallocating Conf...

Simulation time:27962.3 s
PairList generation time:0 %

DONE
Deallocating Conf...
Deallocating Sim...
Deallocating Topo...
Deallocating Sim...
Deallocating Topo...
Deallocating Sim...
Deallocating Topo...
Deallocating Sim...
Deallocating Topo...
